// Jest Snapshot v1, https://goo.gl/fbAQLP

exports[`Aqi Shower check the aqitext showing value 1`] = `
<DocumentFragment>
  <div
    class="MuiGrid-root MuiGrid-container MuiGrid-direction-xs-column MuiGrid-align-items-xs-center MuiGrid-justify-content-xs-space-between"
    data-testid="aqishower"
  >
    <div
      class="MuiGrid-root MuiGrid-item"
    >
      <img
        alt="AQI"
        data-testid="aqiimage"
      />
    </div>
    <div
      class="MuiGrid-root MuiGrid-item"
    >
      <div
        class="MuiGrid-root MuiGrid-container MuiGrid-spacing-xs-3"
      >
        <div
          class="MuiGrid-root MuiGrid-container MuiGrid-align-items-xs-center MuiGrid-justify-content-xs-space-between"
        >
          <div
            class="MuiGrid-root MuiGrid-item MuiGrid-grid-xs-12 MuiGrid-grid-sm-6 MuiGrid-grid-md-4"
          >
            <p
              class="MuiTypography-root MuiTypography-body1"
              style="font-family: Montserrat; font-size: 100px; font-weight: 300; letter-spacing: 0.2px; text-align: center;"
            />
          </div>
        </div>
      </div>
    </div>
    <div
      class="MuiGrid-root MuiGrid-item"
    >
      <p
        class="MuiTypography-root MuiTypography-body1"
        data-testid="aqitext showing text"
        style="font-family: Montserrat; font-weight: 500;"
      />
    </div>
  </div>
</DocumentFragment>
`;
