// Jest Snapshot v1, https://goo.gl/fbAQLP

exports[`Typography Rendered listitemtextinlistitem 1`] = `
<DocumentFragment>
  <div
    class="MuiGrid-root makeStyles-selectedItemStyle-1 MuiGrid-container MuiGrid-direction-xs-column"
    data-testid="divinmylistitem"
  >
    <li
      class="MuiListItem-root MuiListItem-gutters"
      data-testid="listiteminmylistitem"
    >
      <div
        class="MuiListItemIcon-root"
        data-testid="listitemiconinlistitem"
      >
        <svg
          aria-hidden="true"
          class="MuiSvgIcon-root makeStyles-selectedIcon-2"
          focusable="false"
          viewBox="0 0 24 24"
        >
          <path
            d="M17 3H7c-1.1 0-1.99.9-1.99 2L5 21l7-3 7 3V5c0-1.1-.9-2-2-2zm0 15l-5-2.18L7 18V5h10v13z"
          />
        </svg>
      </div>
      <div
        class="MuiListItemText-root"
        data-testid="listitemtextinlistitem"
      >
        <h6
          class="MuiTypography-root makeStyles-selectedTypographyStyle-3 MuiTypography-subtitle1"
        >
          Saved Jobs
        </h6>
      </div>
    </li>
  </div>
</DocumentFragment>
`;
