// Jest Snapshot v1, https://goo.gl/fbAQLP

exports[`App check the Descption Card title 1`] = `
<DocumentFragment>
  <div>
    <div
      class="MuiGrid-root MuiGrid-container MuiGrid-spacing-xs-3"
    >
      <div
        class="MuiGrid-root MuiGrid-item"
      >
        <div
          class="makeStyles-borderBox-4"
        >
          <h5
            class="MuiTypography-root makeStyles-typographyParagraphStyle-3 MuiTypography-h6"
            data-testid="typographyComponent"
          >
             job 
          </h5>
          <button
            class="MuiButtonBase-root MuiButton-root MuiButton-text"
            tabindex="0"
            type="button"
            value="job"
          >
            <span
              class="MuiButton-label"
            >
              <svg
                aria-hidden="true"
                class="MuiSvgIcon-root makeStyles-iconStyle-5"
                focusable="false"
                viewBox="0 0 24 24"
              >
                <path
                  d="M19 6.41L17.59 5 12 10.59 6.41 5 5 6.41 10.59 12 5 17.59 6.41 19 12 13.41 17.59 19 19 17.59 13.41 12z"
                />
              </svg>
            </span>
            <span
              class="MuiTouchRipple-root"
            />
          </button>
        </div>
      </div>
      <div
        class="MuiGrid-root MuiGrid-item"
        style="margin-top: 10px;"
      >
         
        <button
          class="MuiButtonBase-root-35 MuiButton-root-8 MuiButton-text-10 MuiButton-textSecondary-12"
          data-testid="button"
          tabindex="0"
          type="button"
        >
          <span
            class="MuiButton-label-9"
          >
            clear all
          </span>
          <span
            class="MuiTouchRipple-root-36"
          />
        </button>
      </div>
    </div>
  </div>
</DocumentFragment>
`;
