// Jest Snapshot v1, https://goo.gl/fbAQLP

exports[`checkbox renders correctly should match snapshot 1`] = `
<DocumentFragment>
  <div
    data-testid="1stdivinselect"
  >
    <div
      aria-expanded="false"
      data-testid="2nddivinselect"
      role="combobox"
    >
      <div
        class="sc-gtsrHT dleCEC"
        data-testid="inputwrapperinselect"
      >
        <div
          class="makeStyles-header-1"
          data-testid="3rddivinselect"
        >
          <img
            data-testid="imginselect"
            height="24px"
            src="https://cdn.zeplin.io/5fa28fcbff79c58958e4e1a6/assets/1cf5595f-c291-4826-a6b4-1590090a90ff.svg"
            width="24px"
          />
        </div>
        <input
          aria-autocomplete="list"
          autocapitalize="none"
          autocomplete="off"
          data-testid="input1inselect"
          id="customized-hook-demo"
          spellcheck="false"
          value=""
        />
      </div>
    </div>
    <div
      data-testid="4thinselect"
    />
  </div>
</DocumentFragment>
`;
