// Jest Snapshot v1, https://goo.gl/fbAQLP

exports[`Typography Rendered check the Descption Card title 1`] = `
<DocumentFragment>
  <div>
    <div
      class="MuiGrid-root makeStyles-gridComponent-5 MuiGrid-container"
    >
      <div
        class="MuiGrid-root MuiGrid-item MuiGrid-direction-xs-column"
        style="width: 313px;"
      >
        <div
          data-testid="1stdivinselect"
        >
          <div
            aria-expanded="false"
            data-testid="2nddivinselect"
            role="combobox"
          >
            <div
              class="sc-iCoGMd hoWvce"
              data-testid="inputwrapperinselect"
            >
              <div
                class="makeStyles-header-7"
                data-testid="3rddivinselect"
              >
                <img
                  data-testid="imginselect"
                  src="https://cdn.zeplin.io/5fa28fcbff79c58958e4e1a6/assets/f290029c-37b1-40a9-9c06-9f4ed4d67272.svg"
                  style="width: 24px; height: 24px;"
                />
              </div>
              <input
                aria-autocomplete="list"
                autocapitalize="none"
                autocomplete="off"
                data-testid="input1inselect"
                id="customized-hook-demo"
                spellcheck="false"
                value=""
              />
            </div>
          </div>
          <div
            data-testid="4thinselect"
          />
        </div>
      </div>
      <hr
        class="MuiDivider-root MuiDivider-vertical"
        style="margin-top: 5px; margin-bottom: 5px; height: 40px;"
      />
      <div
        class="MuiGrid-root MuiGrid-item MuiGrid-direction-xs-column"
        style="width: 313px;"
      >
        <div
          data-testid="1stdivinselect"
        >
          <div
            aria-expanded="false"
            data-testid="2nddivinselect"
            role="combobox"
          >
            <div
              class="sc-jrsJWt bbFoSL"
              data-testid="inputwrapperinselect"
              placeholder="Search"
            >
              <div
                class="makeStyles-header-13"
                data-testid="3rddivinselect"
              >
                <img
                  data-testid="imginselect"
                  height="24px"
                  src="https://cdn.zeplin.io/5fa28fcbff79c58958e4e1a6/assets/59f5b11c-e6c7-496b-8139-44d5ef4578ce.svg"
                  width="24px"
                />
              </div>
              <input
                aria-autocomplete="list"
                autocapitalize="none"
                autocomplete="off"
                data-testid="input1inselect"
                id="customized-hook-demo"
                spellcheck="false"
                value=""
              />
            </div>
          </div>
          <div
            data-testid="4thinselect"
          />
        </div>
      </div>
      <div
        class="MuiGrid-root MuiGrid-item"
      >
        <button
          class="MuiButtonBase-root MuiButton-root MuiButton-contained makeStyles-searchIcon-1 MuiButton-containedPrimary"
          tabindex="0"
          type="button"
        >
          <span
            class="MuiButton-label"
          >
            <svg
              aria-hidden="true"
              class="MuiSvgIcon-root"
              focusable="false"
              viewBox="0 0 24 24"
            >
              <path
                d="M15.5 14h-.79l-.28-.27C15.41 12.59 16 11.11 16 9.5 16 5.91 13.09 3 9.5 3S3 5.91 3 9.5 5.91 16 9.5 16c1.61 0 3.09-.59 4.23-1.57l.27.28v.79l5 4.99L20.49 19l-4.99-5zm-6 0C7.01 14 5 11.99 5 9.5S7.01 5 9.5 5 14 7.01 14 9.5 11.99 14 9.5 14z"
              />
            </svg>
          </span>
          <span
            class="MuiTouchRipple-root"
          />
        </button>
      </div>
    </div>
  </div>
</DocumentFragment>
`;
