// Jest Snapshot v1, https://goo.gl/fbAQLP

exports[`App check the Descption Card title 1`] = `
<DocumentFragment>
  <div
    class="makeStyles-root-1"
  >
    <h2
      class="MuiTypography-root MuiTypography-h2"
      data-testid="heading"
    >
      head
    </h2>
    <div
      class="MuiBox-root"
    />
    <h1
      class="MuiTypography-root MuiTypography-h1"
    >
      Description body
    </h1>
  </div>
</DocumentFragment>
`;
